MySQL Shell 8.0.43

Copyright (c) 2016, 2025, Oracle and/or its affiliates.
Oracle is a registered trademark of Oracle Corporation and/or its affiliates.
Other names may be trademarks of their respective owners.

Type '\help' or '\?' for help; '\quit' to exit.
 MySQL  JS > sql
sql is not defined (ReferenceError)
 MySQL  JS > /sql
Expected an operand but found / (SyntaxError)
 MySQL  JS > /sql
Expected an operand but found / (SyntaxError)
 MySQL  JS > \sql
Switching to SQL mode... Commands end with ;
 MySQL  SQL > \connect --mc root@localhost
Creating a Classic session to 'root@localhost'
Fetching global names for auto-completion... Press ^C to stop.
Your MySQL connection id is 8
Server version: 8.0.43 MySQL Community Server - GPL
No default schema selected; type \use <schema> to set one.
 MySQL  localhost:3306 ssl  SQL > create database tbd2;
Query OK, 1 row affected (0.0557 sec)
 MySQL  localhost:3306 ssl  SQL > use tbd2;
Default schema set to `tbd2`.
Fetching global names, object names from `tbd2` for auto-completion... Press ^C to stop.
 MySQL  localhost:3306 ssl  tbd2  SQL > create tabla cliente(
                                     -> idcliente int not null auto_increment key,
                                     -> nombre varchar(50) not null,
                                     -> rfc varchar(13) not null);
ERROR: 1064 (42000): You have an error in your SQL syntax; check the manual that corresponds to your MySQL server version for the right syntax to use near 'tabla cliente(
idcliente int not null auto_increment key,
nombre varchar(50) not' at line 1
 MySQL  localhost:3306 ssl  tbd2  SQL > create table cliente( idcliente int not null auto_increment key, nombre varchar(50) not null, rfc varchar(13) not null);
Query OK, 0 rows affected (0.1019 sec)
 MySQL  localhost:3306 ssl  tbd2  SQL > insert into cliente(nombre, rfc)
                                     -> values("Juan", "ASDF123"),("Pedro","DSA768"), ("Ana","PLO786");
Query OK, 3 rows affected (0.0408 sec)

Records: 3  Duplicates: 0  Warnings: 0
 MySQL  localhost:3306 ssl  tbd2  SQL > create table venta(
                                     -> idventa int not null auto_increment key,
                                     -> fecha date not null
                                     -> ,idcliente int not null,
                                     -> foreign key (idcliente)
                                     -> references cliente(idcliente));
Query OK, 0 rows affected (0.1030 sec)
 MySQL  localhost:3306 ssl  tbd2  SQL > show create table venta;
+-------+----------------------------------------------------------------------------------------------------------------------------------------------------------------------------------------------------------------------------------------------------------------------------------------------------------------------------------------------+
| Table | Create Table                                                                                                                                                                                                                                                                                                                                 |
+-------+----------------------------------------------------------------------------------------------------------------------------------------------------------------------------------------------------------------------------------------------------------------------------------------------------------------------------------------------+
| venta | CREATE TABLE `venta` (
  `idventa` int NOT NULL AUTO_INCREMENT,
  `fecha` date NOT NULL,
  `idcliente` int NOT NULL,
  PRIMARY KEY (`idventa`),
  KEY `idcliente` (`idcliente`),
  CONSTRAINT `venta_ibfk_1` FOREIGN KEY (`idcliente`) REFERENCES `cliente` (`idcliente`)
) ENGINE=InnoDB DEFAULT CHARSET=utf8mb4 COLLATE=utf8mb4_0900_ai_ci |
+-------+----------------------------------------------------------------------------------------------------------------------------------------------------------------------------------------------------------------------------------------------------------------------------------------------------------------------------------------------+
1 row in set (0.0217 sec)
 MySQL  localhost:3306 ssl  tbd2  SQL > desc venta
                                     -> :
                                     -> ;
ERROR: 1064 (42000): You have an error in your SQL syntax; check the manual that corresponds to your MySQL server version for the right syntax to use near ':' at line 2
 MySQL  localhost:3306 ssl  tbd2  SQL > desc venta;
+-----------+------+------+-----+---------+----------------+
| Field     | Type | Null | Key | Default | Extra          |
+-----------+------+------+-----+---------+----------------+
| idventa   | int  | NO   | PRI | NULL    | auto_increment |
| fecha     | date | NO   |     | NULL    |                |
| idcliente | int  | NO   | MUL | NULL    |                |
+-----------+------+------+-----+---------+----------------+
3 rows in set (0.0364 sec)
 MySQL  localhost:3306 ssl  tbd2  SQL > desc venta(fecha, idcliente)
                                     -> value("2025-17-09",5);
ERROR: 1064 (42000): You have an error in your SQL syntax; check the manual that corresponds to your MySQL server version for the right syntax to use near '(fecha, idcliente)
value("2025-17-09",5)' at line 1
 MySQL  localhost:3306 ssl  tbd2  SQL > desc venta(fecha, idcliente) value("2025-17-09",1);
ERROR: 1064 (42000): You have an error in your SQL syntax; check the manual that corresponds to your MySQL server version for the right syntax to use near '(fecha, idcliente) value("2025-17-09",1)' at line 1
 MySQL  localhost:3306 ssl  tbd2  SQL > desc venta(fecha, idcliente) value("2025-09-17",1);
ERROR: 1064 (42000): You have an error in your SQL syntax; check the manual that corresponds to your MySQL server version for the right syntax to use near '(fecha, idcliente) value("2025-09-17",1)' at line 1
 MySQL  localhost:3306 ssl  tbd2  SQL > insert into venta(fecha, idcliente) value("2025-09-17",1);
Query OK, 1 row affected (0.0193 sec)
 MySQL  localhost:3306 ssl  tbd2  SQL > insert into venta(fecha, idcliente) value("2025-09-17",2);
Query OK, 1 row affected (0.0305 sec)
 MySQL  localhost:3306 ssl  tbd2  SQL > insert into venta(fecha, idcliente) value("2025-09-17",3);
Query OK, 1 row affected (0.0106 sec)
 MySQL  localhost:3306 ssl  tbd2  SQL > delete from cliente
                                     -> where idcliente = 1;
ERROR: 1451 (23000): Cannot delete or update a parent row: a foreign key constraint fails (`tbd2`.`venta`, CONSTRAINT `venta_ibfk_1` FOREIGN KEY (`idcliente`) REFERENCES `cliente` (`idcliente`))
 MySQL  localhost:3306 ssl  tbd2  SQL > delete from venta where idcliente = 1;
Query OK, 1 row affected (0.0275 sec)
 MySQL  localhost:3306 ssl  tbd2  SQL > delete from cliente where idcliente = 1;
Query OK, 1 row affected (0.0249 sec)
 MySQL  localhost:3306 ssl  tbd2  SQL > alter table venta drop constraint venta_ibfk_1;
Query OK, 0 rows affected (0.0683 sec)

Records: 0  Duplicates: 0  Warnings: 0
 MySQL  localhost:3306 ssl  tbd2  SQL > alter table venta add constraint foreing key (idcliente)
                                     -> references cliente(idcliente);
ERROR: 1064 (42000): You have an error in your SQL syntax; check the manual that corresponds to your MySQL server version for the right syntax to use near 'key (idcliente)
references cliente(idcliente)' at line 1
 MySQL  localhost:3306 ssl  tbd2  SQL > alter table venta add constraint foreing key (idcliente) references cliente(idcliente);
ERROR: 1064 (42000): You have an error in your SQL syntax; check the manual that corresponds to your MySQL server version for the right syntax to use near 'key (idcliente) references cliente(idcliente)' at line 1
 MySQL  localhost:3306 ssl  tbd2  SQL > alter table venta add constraint foreign key (idcliente) references cliente(idcliente);
Query OK, 2 rows affected (0.2166 sec)

Records: 2  Duplicates: 0  Warnings: 0
 MySQL  localhost:3306 ssl  tbd2  SQL > create table producto(
                                     -> idproducto int not null auto_increment key,
                                     -> nombre varchar(50) not null,
                                     -> precio decimal(8,2) not null);
Query OK, 0 rows affected (0.0896 sec)
 MySQL  localhost:3306 ssl  tbd2  SQL > insert into product(nombre, precio)
                                     -> values("celular",10000.0),("tv",15000.2),
                                     -> ("laptop",1234.67);
ERROR: 1146 (42S02): Table 'tbd2.product' doesn't exist
 MySQL  localhost:3306 ssl  tbd2  SQL > insert into producto(nombre, precio) values("celular",10000.0),("tv",15000.2), ("laptop",1234.67);
Query OK, 3 rows affected (0.0268 sec)

Records: 3  Duplicates: 0  Warnings: 0
 MySQL  localhost:3306 ssl  tbd2  SQL > create table ventadetalle(
                                     -> idventadetalle int not null auto_increment key,
                                     -> idventa int not null,
                                     -> idproducto int not null,
                                     -> cantidad int,
                                     -> foreign key(idventa) references venta(idventa),
                                     -> foreign key(idproducto)
                                     -> references producto(idproducto));
Query OK, 0 rows affected (0.0794 sec)
 MySQL  localhost:3306 ssl  tbd2  SQL > show create table ventadetalle;
+--------------+----------------------------------------------------------------------------------------------------------------------------------------------------------------------------------------------------------------------------------------------------------------------------------------------------------------------------------------------------------------------------------------------------------------------------------------------------------------------------------------------------------------------------------------+
| Table        | Create Table                                                                                                                                                                                                                                                                                                                                                                                                                                                                                                                           |
+--------------+----------------------------------------------------------------------------------------------------------------------------------------------------------------------------------------------------------------------------------------------------------------------------------------------------------------------------------------------------------------------------------------------------------------------------------------------------------------------------------------------------------------------------------------+
| ventadetalle | CREATE TABLE `ventadetalle` (
  `idventadetalle` int NOT NULL AUTO_INCREMENT,
  `idventa` int NOT NULL,
  `idproducto` int NOT NULL,
  `cantidad` int DEFAULT NULL,
  PRIMARY KEY (`idventadetalle`),
  KEY `idventa` (`idventa`),
  KEY `idproducto` (`idproducto`),
  CONSTRAINT `ventadetalle_ibfk_1` FOREIGN KEY (`idventa`) REFERENCES `venta` (`idventa`),
  CONSTRAINT `ventadetalle_ibfk_2` FOREIGN KEY (`idproducto`) REFERENCES `producto` (`idproducto`)
) ENGINE=InnoDB DEFAULT CHARSET=utf8mb4 COLLATE=utf8mb4_0900_ai_ci |
+--------------+----------------------------------------------------------------------------------------------------------------------------------------------------------------------------------------------------------------------------------------------------------------------------------------------------------------------------------------------------------------------------------------------------------------------------------------------------------------------------------------------------------------------------------------+
1 row in set (0.0072 sec)
 MySQL  localhost:3306 ssl  tbd2  SQL > select * from venta
                                     -> ;
+---------+------------+-----------+
| idventa | fecha      | idcliente |
+---------+------------+-----------+
|       2 | 2025-09-17 |         2 |
|       3 | 2025-09-17 |         3 |
+---------+------------+-----------+
2 rows in set (0.0034 sec)
 MySQL  localhost:3306 ssl  tbd2  SQL > select * from producto
                                     -> ;
+------------+---------+----------+
| idproducto | nombre  | precio   |
+------------+---------+----------+
|          1 | celular | 10000.00 |
|          2 | tv      | 15000.20 |
|          3 | laptop  |  1234.67 |
+------------+---------+----------+
3 rows in set (0.0035 sec)
 MySQL  localhost:3306 ssl  tbd2  SQL > insert into ventadetalle(idventa, idproducto, cantidad9
                                     -> values(3,1,5),(3,2,1),(4,3,10),(5,1,1);
ERROR: 1064 (42000): You have an error in your SQL syntax; check the manual that corresponds to your MySQL server version for the right syntax to use near 'values(3,1,5),(3,2,1),(4,3,10),(5,1,1)' at line 2
 MySQL  localhost:3306 ssl  tbd2  SQL > insert into ventadetalle(idventa, idproducto, cantidad values(3,1,5),(3,2,1),(4,3,10),(5,1,1);
ERROR: 1064 (42000): You have an error in your SQL syntax; check the manual that corresponds to your MySQL server version for the right syntax to use near 'values(3,1,5),(3,2,1),(4,3,10),(5,1,1)' at line 1
 MySQL  localhost:3306 ssl  tbd2  SQL > insert into ventadetalle(idventa, idproducto, cantidad) values(3,1,5),(3,2,1),(4,3,10),(5,1,1);
ERROR: 1452 (23000): Cannot add or update a child row: a foreign key constraint fails (`tbd2`.`ventadetalle`, CONSTRAINT `ventadetalle_ibfk_1` FOREIGN KEY (`idventa`) REFERENCES `venta` (`idventa`))
 MySQL  localhost:3306 ssl  tbd2  SQL > insert into ventadetalle(idventa, idproducto, cantidad) values(3,1,5),(3,2,1),(2,3,10),(2,1,1);
Query OK, 4 rows affected (0.0088 sec)

Records: 4  Duplicates: 0  Warnings: 0
 MySQL  localhost:3306 ssl  tbd2  SQL >